Aluno@Aluno-PC MINGW64 /
$ ls
bin/  cmd/  dev/  etc/  git-bash.exe*  git-cmd.exe*  LICENSE.txt  mingw64/  post

Aluno@Aluno-PC MINGW64 /
$ ls
bin/  cmd/  dev/  etc/  git-bash.exe*  git-cmd.exe*  LICENSE.txt  mingw64/  post

Aluno@Aluno-PC MINGW64 /
$ cd git
bash: cd: git: No such file or directory

Aluno@Aluno-PC MINGW64 /
$ cd git-bash.exe
bash: cd: git-bash.exe: Not a directory

Aluno@Aluno-PC MINGW64 /
$ ls
bin/  cmd/  dev/  etc/  git-bash.exe*  git-cmd.exe*  LICENSE.txt  mingw64/  post

Aluno@Aluno-PC MINGW64 /
$ cd tmp

Aluno@Aluno-PC MINGW64 /tmp
$ ls
AdobeARM.log  FXSAPIDebugLogFile.txt  is-323PG.tmp/  is-GDGNA.tmp/  mozilla-temp

Aluno@Aluno-PC MINGW64 /tmp
$ clear

Aluno@Aluno-PC MINGW64 /tmp
$ ls
AdobeARM.log  FXSAPIDebugLogFile.txt  is-323PG.tmp/  is-GDGNA.tmp/  mozilla-temp

Aluno@Aluno-PC MINGW64 /tmp
$ ls
AdobeARM.log            is-323PG.tmp/  mozilla-temp-files/
FXSAPIDebugLogFile.txt  is-GDGNA.tmp/  WPDNSE/

Aluno@Aluno-PC MINGW64 /tmp
$ cd ..

Aluno@Aluno-PC MINGW64 /
$ cd projetos

Aluno@Aluno-PC MINGW64 /projetos
$ $ git config --global user.name isabelaalmeida
bash: $: command not found

Aluno@Aluno-PC MINGW64 /projetos
$ git config --global user.name "isabelaalmeida"

Aluno@Aluno-PC MINGW64 /projetos
$ git config --global user.email isabelabalmeida37@gmail.com

Aluno@Aluno-PC MINGW64 /projetos
$ git clone https://github.com/isabelaalmeida/Portifolio.git
Cloning into 'Portifolio'...
warning: You appear to have cloned an empty repository.

Aluno@Aluno-PC MINGW64 /projetos
$ git add form_cadastro.php cadastro.php listagem.php port.css cabecalho.inc coracao.png
fatal: Not a git repository (or any of the parent directories): .git

Aluno@Aluno-PC MINGW64 /projetos
$ cd Portifolio

Aluno@Aluno-PC MINGW64 /projetos/Portifolio (master)
$ ^C

Aluno@Aluno-PC MINGW64 /projetos/Portifolio (master)
$ git add form_cadastro.php

Aluno@Aluno-PC MINGW64 /projetos/Portifolio (master)
$ git add cadastro.php

Aluno@Aluno-PC MINGW64 /projetos/Portifolio (master)
$ git add listagem.php

Aluno@Aluno-PC MINGW64 /projetos/Portifolio (master)
$ git add coracao.png

Aluno@Aluno-PC MINGW64 /projetos/Portifolio (master)
$ cabecalho.inc
bash: cabecalho.inc: command not found

Aluno@Aluno-PC MINGW64 /projetos/Portifolio (master)
$ git add cabecalho.inc

Aluno@Aluno-PC MINGW64 /projetos/Portifolio (master)
$ git add port.css

Aluno@Aluno-PC MINGW64 /projetos/Portifolio (master)
$ commit -m  "Se atualiza ai "
bash: commit: command not found

Aluno@Aluno-PC MINGW64 /projetos/Portifolio (master)
$ git commit -m "Atualiza ai"
[master (root-commit) c969c32] Atualiza ai
 6 files changed, 188 insertions(+)
 create mode 100644 cabecalho.inc
 create mode 100644 cadastro.php
 create mode 100644 coracao.png
 create mode 100644 form_cadastro.php
 create mode 100644 listagem.php
 create mode 100644 port.css

Aluno@Aluno-PC MINGW64 /projetos/Portifolio (master)
$ git push
Counting objects: 8, done.
Delta compression using up to 4 threads.
Compressing objects: 100% (8/8), done.
Writing objects: 100% (8/8), 24.09 KiB | 1.42 MiB/s, done.
Total 8 (delta 0), reused 0 (delta 0)
To https://github.com/isabelaalmeida/Portifolio.git
 * [new branch]      master -> master

Aluno@Aluno-PC MINGW64 /projetos/Portifolio (master)
$ ls
cabecalho.inc  coracao.png        listagem.php  portifolio.xml
cadastro.php   form_cadastro.php  port.css      upload/

Aluno@Aluno-PC MINGW64 /projetos/Portifolio (master)
$ git clone https:
